#-----------------------------------------------------------
# Vivado v2022.1 (64-bit)
# SW Build 3526262 on Mon Apr 18 15:48:16 MDT 2022
# IP Build 3524634 on Mon Apr 18 20:55:01 MDT 2022
# Start of session at: Sat Sep 27 19:56:20 2025
# Process ID: 24000
# Current directory: C:/Users/SHIWA/Documents/GitHub/QuantumFPGA/Implementation/Xilinx/TimeCard_Production/TimeCard/TimeCard.runs/TimeCard_auto_cc_8_synth_1
# Command line: vivado.exe -log TimeCard_auto_cc_8.vds -product Vivado -mode batch -messageDb vivado.pb -notrace -source TimeCard_auto_cc_8.tcl
# Log file: C:/Users/SHIWA/Documents/GitHub/QuantumFPGA/Implementation/Xilinx/TimeCard_Production/TimeCard/TimeCard.runs/TimeCard_auto_cc_8_synth_1/TimeCard_auto_cc_8.vds
# Journal file: C:/Users/SHIWA/Documents/GitHub/QuantumFPGA/Implementation/Xilinx/TimeCard_Production/TimeCard/TimeCard.runs/TimeCard_auto_cc_8_synth_1\vivado.jou
# Running On: HOME-PC, OS: Windows, CPU Frequency: 3593 MHz, CPU Physical cores: 12, Host memory: 34281 MB
#-----------------------------------------------------------
source TimeCard_auto_cc_8.tcl -notrace
